// Jest Snapshot v1, https://goo.gl/fbAQLP

exports[`Snapshot of component without  props 1`] = `
<div>
  <h3>
    TestComponent
  </h3>
  <button
    onClick={[Function]}
  >
    show hint
  </button>
  <br />
  <button
    onClick={[Function]}
  >
    hide hint
  </button>
</div>
`;

exports[`Snapshot of component without  props 2`] = `
<div>
  <h3>
    TestComponent
  </h3>
  <button
    onClick={[Function]}
  >
    show hint
  </button>
  <br />
  <button
    onClick={[Function]}
  >
    hide hint
  </button>
  <div>
    More: Ein Text und so weiter
  </div>
</div>
`;

exports[`Snapshot of component without  props 3`] = `
<div>
  <h3>
    TestComponent
  </h3>
  <button
    onClick={[Function]}
  >
    show hint
  </button>
  <br />
  <button
    onClick={[Function]}
  >
    hide hint
  </button>
  <div>
    More: Ein Text und so weiter
  </div>
  <div>
    Hint: A Test Component
  </div>
</div>
`;

exports[`Snapshot of component without  props 4`] = `
<div>
  <h3>
    TestComponent
  </h3>
  <button
    onClick={[Function]}
  >
    show hint
  </button>
  <br />
  <button
    onClick={[Function]}
  >
    hide hint
  </button>
  <div>
    More: Ein Text und so weiter
  </div>
  <div>
    Hint: A Test Component
  </div>
</div>
`;
